2025-12-01 23:00:12,235 - INFO - DataProcessing Intialized
2025-12-01 23:00:12,728 - INFO - Data loaded sucesfully for Data Processing
2025-12-01 23:00:12,847 - INFO - Filtered users sucesfully...
2025-12-01 23:00:13,532 - INFO - Scalind done for Processing 
2025-12-01 23:00:13,602 - INFO - Encoding done for Users and Anime
2025-12-01 23:00:13,889 - INFO - Data splitted sucesfullyy
2025-12-01 23:00:13,895 - INFO - user2user_encoded saved sucesfully in processed directory
2025-12-01 23:00:13,900 - INFO - user2user_decoded saved sucesfully in processed directory
2025-12-01 23:00:13,920 - INFO - anim2anime_encoded saved sucesfully in processed directory
2025-12-01 23:00:13,939 - INFO - anim2anime_decoded saved sucesfully in processed directory
2025-12-01 23:00:17,140 - INFO - ALl the training testing data as well as rating_df is saved now..
2025-12-01 23:00:19,811 - INFO - DF AND SYNOPSIS_Df saved sucesfullyy...
2025-12-01 23:00:19,813 - INFO - Data Processing Pipeline Run sucesfully .... Congrats
2025-12-01 23:00:24,669 - INFO - Model Training & COMET ML initialized..
2025-12-01 23:00:24,871 - INFO - Data loaded sucesfully for Model Trainig
2025-12-01 23:00:24,888 - INFO - Successfully read the yaml file
2025-12-01 23:00:24,888 - INFO - Loaded configuration from config.yaml
2025-12-01 23:00:24,959 - INFO - Model created sucesfully....
2025-12-01 23:00:42,976 - INFO - Model training Completedd.....
2025-12-01 23:00:42,977 - WARNING - You are saving your model as an HDF5 file via `model.save()` or `keras.saving.save_model(model)`. This file format is considered legacy. We recommend using instead the native Keras format, e.g. `model.save('my_model.keras')` or `keras.saving.save_model(model, 'my_model.keras')`. 
2025-12-01 23:00:43,002 - INFO - Model saved to artifacts/model/model.h5
2025-12-01 23:00:43,005 - INFO - Extracting weights for user_embedding
2025-12-01 23:00:43,007 - INFO - Extracting weights for anime_embedding
2025-12-01 23:00:43,032 - INFO - User and Anime weights saved sucesfully....
